---
source: src/resolver/mod.rs
expression: out
---
rv_needs_simple=1.0.0 (git(url: https://github.com/test/rv-needs-simple, sha: somethinglikeasha, directory: None, tag: None, branch: None), type=source, path='', from_lockfile=false, from_remote=false, env_vars=[])
knitr=1.45 (repository(url: http://cran/), type=source, path='', from_lockfile=false, from_remote=false, env_vars=[])
rmarkdown=2.25 (repository(url: http://cran/), type=source, path='', from_lockfile=false, from_remote=false, env_vars=[])
