---
source: tests/r_integration.rs
expression: output
---
+ callr (3.7.6, binary from https://packagemanager.posit.co/cran/2025-07-10)
+ processx (3.8.6, binary from https://packagemanager.posit.co/cran/2025-07-10)
+ ps (1.9.1, binary from https://packagemanager.posit.co/cran/2025-07-10)
+ R6 (2.6.1, binary from https://packagemanager.posit.co/cran/2025-07-10)
