---
source: src/resolver.rs
expression: out
---
texPreview=2.1.0 (from gh-mirror, type=source, status=absent)
base64enc=0.1-3 (from test, type=binary, status=absent)
details=0.3.0 (from test, type=binary, status=absent)
fs=1.6.5 (from test, type=binary, status=absent)
htmltools=0.5.8.1 (from test, type=binary, status=absent)
knitr=1.49 (from test, type=binary, status=absent)
magick=2.8.5 (from test, type=binary, status=absent)
rematch2=2.1.2 (from test, type=binary, status=absent)
rstudioapi=0.17.1 (from test, type=binary, status=absent)
svgPanZoom=0.3.4 (from test, type=binary, status=absent)
whisker=0.4.1 (from test, type=binary, status=absent)
xml2=1.3.6 (from test, type=binary, status=absent)
tinytex=0.54 (from test, type=binary, status=absent)
clipr=0.8.0 (from test, type=binary, status=absent)
desc=1.4.3 (from test, type=binary, status=absent)
httr=1.4.7 (from test, type=binary, status=absent)
magrittr=2.0.3 (from test, type=binary, status=absent)
png=0.1-8 (from test, type=binary, status=absent)
withr=3.0.2 (from test, type=binary, status=absent)
digest=0.6.37 (from test, type=binary, status=absent)
fastmap=1.2.0 (from test, type=binary, status=absent)
rlang=1.1.4 (from test, type=binary, status=absent)
evaluate=1.0.1 (from test, type=binary, status=absent)
highr=0.11 (from test, type=binary, status=absent)
xfun=0.49 (from test, type=binary, status=absent)
yaml=2.3.10 (from test, type=binary, status=absent)
Rcpp=1.0.13-1 (from test, type=binary, status=absent)
curl=6.0.1 (from test, type=binary, status=absent)
tibble=3.2.1 (from test, type=binary, status=absent)
htmlwidgets=1.6.4 (from test, type=binary, status=absent)
cli=3.6.3 (from test, type=binary, status=absent)
R6=2.5.1 (from test, type=binary, status=absent)
jsonlite=1.8.9 (from test, type=binary, status=absent)
mime=0.12 (from test, type=binary, status=absent)
openssl=2.3.0 (from test, type=binary, status=absent)
fansi=1.0.6 (from test, type=binary, status=absent)
lifecycle=1.0.4 (from test, type=binary, status=absent)
pillar=1.10.0 (from test, type=binary, status=absent)
pkgconfig=2.0.3 (from test, type=binary, status=absent)
vctrs=0.6.5 (from test, type=binary, status=absent)
rmarkdown=2.29 (from test, type=binary, status=absent)
askpass=1.2.1 (from test, type=binary, status=absent)
glue=1.8.0 (from test, type=binary, status=absent)
utf8=1.2.4 (from test, type=binary, status=absent)
bslib=0.8.0 (from test, type=binary, status=absent)
fontawesome=0.5.3 (from test, type=binary, status=absent)
jquerylib=0.1.4 (from test, type=binary, status=absent)
sys=3.4.3 (from test, type=binary, status=absent)
cachem=1.1.0 (from test, type=binary, status=absent)
memoise=2.0.1 (from test, type=binary, status=absent)
sass=0.4.9 (from test, type=binary, status=absent)
rappdirs=0.3.3 (from test, type=binary, status=absent)
