---
source: src/resolver.rs
expression: out
---
dplyr=1.1.4 (from test)
cli=3.6.3 (from test)
generics=0.1.3 (from test)
glue=1.8.0 (from test)
lifecycle=1.0.4 (from test)
magrittr=2.0.3 (from test)
pillar=1.9.0 (from test)
R6=2.5.1 (from test)
rlang=1.1.4 (from test)
tibble=3.2.1 (from test)
tidyselect=1.2.1 (from test)
vctrs=0.6.5 (from test)
fansi=1.0.6 (from test)
utf8=1.2.4 (from test)
pkgconfig=2.0.3 (from test)
withr=3.0.2 (from test)
