---
source: src/resolver.rs
expression: out
---
dplyr=1.1.4 (from http://cran, type=binary, from_lockfile=false)
cli=3.6.3 (from http://cran, type=binary, from_lockfile=false)
generics=0.1.3 (from http://cran, type=binary, from_lockfile=false)
glue=1.8.0 (from http://cran, type=binary, from_lockfile=false)
lifecycle=1.0.4 (from http://cran, type=binary, from_lockfile=false)
magrittr=2.0.3 (from http://cran, type=binary, from_lockfile=false)
pillar=1.10.0 (from http://cran, type=binary, from_lockfile=false)
R6=2.5.1 (from http://cran, type=binary, from_lockfile=false)
rlang=1.1.4 (from http://cran, type=binary, from_lockfile=false)
tibble=3.2.1 (from http://cran, type=binary, from_lockfile=false)
tidyselect=1.2.1 (from http://cran, type=binary, from_lockfile=false)
vctrs=0.6.5 (from http://cran, type=binary, from_lockfile=false)
utf8=1.2.4 (from http://cran, type=binary, from_lockfile=false)
fansi=1.0.6 (from http://cran, type=binary, from_lockfile=false)
pkgconfig=2.0.3 (from http://cran, type=binary, from_lockfile=false)
withr=3.0.2 (from http://cran, type=binary, from_lockfile=false)
