---
source: src/resolver.rs
expression: out
---
texPreview=2.1.0 (from http://gh-pkg-mirror, type=binary, from_lockfile=false)
base64enc=0.1-3 (from http://cran, type=binary, from_lockfile=false)
details=0.3.0 (from http://cran, type=binary, from_lockfile=false)
fs=1.6.5 (from http://cran, type=binary, from_lockfile=false)
htmltools=0.5.8.1 (from http://cran, type=binary, from_lockfile=false)
knitr=1.49 (from http://cran, type=binary, from_lockfile=false)
magick=2.8.5 (from http://cran, type=binary, from_lockfile=false)
rematch2=2.1.2 (from http://cran, type=binary, from_lockfile=false)
rstudioapi=0.17.1 (from http://cran, type=binary, from_lockfile=false)
svgPanZoom=0.3.4 (from http://cran, type=binary, from_lockfile=false)
whisker=0.4.1 (from http://cran, type=binary, from_lockfile=false)
xml2=1.3.6 (from http://cran, type=binary, from_lockfile=false)
tinytex=0.54 (from http://cran, type=binary, from_lockfile=false)
clipr=0.8.0 (from http://cran, type=binary, from_lockfile=false)
desc=1.4.3 (from http://cran, type=binary, from_lockfile=false)
httr=1.4.7 (from http://cran, type=binary, from_lockfile=false)
magrittr=2.0.3 (from http://cran, type=binary, from_lockfile=false)
png=0.1-8 (from http://cran, type=binary, from_lockfile=false)
withr=3.0.2 (from http://cran, type=binary, from_lockfile=false)
digest=0.6.37 (from http://cran, type=binary, from_lockfile=false)
fastmap=1.2.0 (from http://cran, type=binary, from_lockfile=false)
rlang=1.1.4 (from http://cran, type=binary, from_lockfile=false)
evaluate=1.0.1 (from http://cran, type=binary, from_lockfile=false)
highr=0.11 (from http://cran, type=binary, from_lockfile=false)
xfun=0.49 (from http://cran, type=binary, from_lockfile=false)
yaml=2.3.10 (from http://cran, type=binary, from_lockfile=false)
Rcpp=1.0.13-1 (from http://cran, type=binary, from_lockfile=false)
curl=6.0.1 (from http://cran, type=binary, from_lockfile=false)
tibble=3.2.1 (from http://cran, type=binary, from_lockfile=false)
htmlwidgets=1.6.4 (from http://cran, type=binary, from_lockfile=false)
cli=3.6.3 (from http://cran, type=binary, from_lockfile=false)
R6=2.5.1 (from http://cran, type=binary, from_lockfile=false)
jsonlite=1.8.9 (from http://cran, type=binary, from_lockfile=false)
mime=0.12 (from http://cran, type=binary, from_lockfile=false)
openssl=2.3.0 (from http://cran, type=binary, from_lockfile=false)
fansi=1.0.6 (from http://cran, type=binary, from_lockfile=false)
lifecycle=1.0.4 (from http://cran, type=binary, from_lockfile=false)
pillar=1.10.0 (from http://cran, type=binary, from_lockfile=false)
pkgconfig=2.0.3 (from http://cran, type=binary, from_lockfile=false)
vctrs=0.6.5 (from http://cran, type=binary, from_lockfile=false)
rmarkdown=2.29 (from http://cran, type=binary, from_lockfile=false)
askpass=1.2.1 (from http://cran, type=binary, from_lockfile=false)
glue=1.8.0 (from http://cran, type=binary, from_lockfile=false)
utf8=1.2.4 (from http://cran, type=binary, from_lockfile=false)
bslib=0.8.0 (from http://cran, type=binary, from_lockfile=false)
fontawesome=0.5.3 (from http://cran, type=binary, from_lockfile=false)
jquerylib=0.1.4 (from http://cran, type=binary, from_lockfile=false)
sys=3.4.3 (from http://cran, type=binary, from_lockfile=false)
cachem=1.1.0 (from http://cran, type=binary, from_lockfile=false)
memoise=2.0.1 (from http://cran, type=binary, from_lockfile=false)
sass=0.4.9 (from http://cran, type=binary, from_lockfile=false)
rappdirs=0.3.3 (from http://cran, type=binary, from_lockfile=false)
